Hi!
Obtained "Four"
0:	One
1:	Two
2:	Three
3:	One more string
4:	Five
Obtained string 3: "Very last"
